// Jest Snapshot v1, https://goo.gl/fbAQLP

exports[`entity_draggable renders correctly against snapshot 1`] = `
<CellActions
  field={
    Object {
      "aggregatable": true,
      "esTypes": Array [
        "keyword",
      ],
      "name": "entity-name",
      "searchable": true,
      "type": "string",
      "value": "entity-value",
    }
  }
  mode="hover-down"
  triggerId="security-default-cellActions"
  visibleCellActions={5}
>
  entity-name: "entity-value"
</CellActions>
`;
